2025-10-18 14:50:34,689 - Log file created at: ./logs/qwen3_2_123/training_20251018_145034.log
2025-10-18 14:50:36,384 - Found checkpoint at step 200: finetuned_model/adapter/qwen3_2_123/step_200
2025-10-18 14:50:36,385 - Loading model from checkpoint...
2025-10-18 14:50:40,737 - Resumed from checkpoint at step 200
2025-10-18 14:50:40,737 - LoRA adapters enabled for training, base model frozen
2025-10-18 14:50:41,745 - Model parameter status:
2025-10-18 14:50:41,747 - Trainable params: 33,030,144 || All params: 4,055,498,240 || Trainable %: 0.8145
2025-10-18 14:50:42,273 - Loaded training state from step 200
2025-10-18 14:50:42,274 - Starting training for 10000 iterations...
2025-10-18 14:50:42,274 - Base LR: 4e-05, Warmup: 300.0, LR Floor: 4.000000000000001e-06
2025-10-18 14:50:53,423 - Step: 200/10000 (2.0%), Loss: 5.174259, LR: 3.33e-06
2025-10-20 07:17:09,177 - Validation loss at step 200: 4.512875
2025-10-20 07:17:12,027 - ✓ Checkpoint saved at step 200
2025-10-20 07:19:58,546 - Step: 201/10000 (2.0%), Loss: 3.573458, LR: 3.33e-06
2025-10-20 07:23:51,261 - Step: 202/10000 (2.0%), Loss: 5.245288, LR: 3.33e-06
2025-10-20 07:27:22,175 - Step: 203/10000 (2.0%), Loss: 4.296109, LR: 3.33e-06
2025-10-20 07:34:54,202 - Step: 204/10000 (2.0%), Loss: 5.063357, LR: 3.33e-06
2025-10-20 07:39:49,758 - Step: 205/10000 (2.1%), Loss: 3.502477, LR: 3.33e-06
2025-10-20 07:44:00,128 - Step: 206/10000 (2.1%), Loss: 4.051656, LR: 3.33e-06
2025-10-20 07:50:24,238 - Step: 207/10000 (2.1%), Loss: 4.435525, LR: 3.47e-06
2025-10-20 08:03:14,397 - Step: 208/10000 (2.1%), Loss: 4.560659, LR: 3.47e-06
2025-10-20 08:08:42,640 - Step: 209/10000 (2.1%), Loss: 4.035094, LR: 3.47e-06
2025-10-20 08:14:31,590 - Step: 210/10000 (2.1%), Loss: 5.279482, LR: 3.47e-06
2025-10-20 08:19:31,049 - Step: 211/10000 (2.1%), Loss: 4.605858, LR: 3.47e-06
2025-10-20 08:28:04,084 - Step: 212/10000 (2.1%), Loss: 4.304624, LR: 3.47e-06
2025-10-20 08:34:15,014 - Step: 213/10000 (2.1%), Loss: 3.717681, LR: 3.47e-06
2025-10-20 08:39:13,903 - Step: 214/10000 (2.1%), Loss: 4.886734, LR: 3.47e-06
2025-10-20 08:47:51,180 - Step: 215/10000 (2.1%), Loss: 4.902637, LR: 3.60e-06
2025-10-20 08:54:12,224 - Step: 216/10000 (2.2%), Loss: 3.936008, LR: 3.60e-06
2025-10-20 09:04:50,063 - Step: 217/10000 (2.2%), Loss: 3.061138, LR: 3.60e-06
2025-10-20 09:11:12,057 - Step: 218/10000 (2.2%), Loss: 4.158596, LR: 3.60e-06
2025-10-20 09:16:50,926 - Step: 219/10000 (2.2%), Loss: 4.883677, LR: 3.60e-06
2025-10-20 09:23:54,950 - Step: 220/10000 (2.2%), Loss: 6.292969, LR: 3.60e-06
2025-10-20 09:30:38,863 - Step: 221/10000 (2.2%), Loss: 4.072801, LR: 3.60e-06
2025-10-20 09:44:27,288 - Step: 222/10000 (2.2%), Loss: 5.741459, LR: 3.60e-06
2025-10-20 09:51:35,820 - Step: 223/10000 (2.2%), Loss: 4.266127, LR: 3.73e-06
2025-10-20 10:02:02,953 - Step: 224/10000 (2.2%), Loss: 7.016795, LR: 3.73e-06
2025-10-20 10:08:17,342 - Step: 225/10000 (2.2%), Loss: 4.697273, LR: 3.73e-06
2025-10-20 10:13:30,376 - Step: 226/10000 (2.3%), Loss: 5.218605, LR: 3.73e-06
2025-10-20 10:19:09,792 - Step: 227/10000 (2.3%), Loss: 3.862251, LR: 3.73e-06
2025-10-20 10:24:21,875 - Step: 228/10000 (2.3%), Loss: 3.740442, LR: 3.73e-06
2025-10-20 10:30:24,448 - Step: 229/10000 (2.3%), Loss: 3.658500, LR: 3.73e-06
2025-10-20 10:36:41,627 - Step: 230/10000 (2.3%), Loss: 5.100612, LR: 3.73e-06
2025-10-20 10:44:02,187 - Step: 231/10000 (2.3%), Loss: 4.363411, LR: 3.87e-06
2025-10-20 10:50:26,414 - Step: 232/10000 (2.3%), Loss: 5.381780, LR: 3.87e-06
2025-10-20 11:02:22,688 - Step: 233/10000 (2.3%), Loss: 3.880465, LR: 3.87e-06
2025-10-20 11:07:57,173 - Step: 234/10000 (2.3%), Loss: 3.768568, LR: 3.87e-06
2025-10-20 11:13:38,507 - Step: 235/10000 (2.4%), Loss: 3.970849, LR: 3.87e-06
2025-10-20 11:20:44,822 - Step: 236/10000 (2.4%), Loss: 2.963489, LR: 3.87e-06
2025-10-20 11:26:14,955 - Step: 237/10000 (2.4%), Loss: 4.425548, LR: 3.87e-06
2025-10-20 11:37:35,325 - Step: 238/10000 (2.4%), Loss: 4.272918, LR: 3.87e-06
2025-10-20 11:43:03,405 - Step: 239/10000 (2.4%), Loss: 3.990335, LR: 4.00e-06
2025-10-20 11:55:08,242 - Step: 240/10000 (2.4%), Loss: 5.394725, LR: 4.00e-06
2025-10-20 12:01:04,131 - Step: 241/10000 (2.4%), Loss: 3.584264, LR: 4.00e-06
2025-10-20 12:08:05,406 - Step: 242/10000 (2.4%), Loss: 4.960202, LR: 4.00e-06
2025-10-20 12:13:16,277 - Step: 243/10000 (2.4%), Loss: 4.759453, LR: 4.00e-06
2025-10-20 12:18:34,640 - Step: 244/10000 (2.4%), Loss: 4.483159, LR: 4.00e-06
2025-10-20 12:31:31,656 - Step: 245/10000 (2.5%), Loss: 4.624127, LR: 4.00e-06
2025-10-20 12:37:47,998 - Step: 246/10000 (2.5%), Loss: 3.490439, LR: 4.00e-06
2025-10-20 12:42:48,300 - Step: 247/10000 (2.5%), Loss: 5.254382, LR: 4.13e-06
2025-10-20 12:53:09,965 - Step: 248/10000 (2.5%), Loss: 4.824444, LR: 4.13e-06
2025-10-20 13:05:04,129 - Step: 249/10000 (2.5%), Loss: 5.526417, LR: 4.13e-06
2025-10-20 13:10:56,873 - Step: 250/10000 (2.5%), Loss: 3.873013, LR: 4.13e-06
