2025-10-17 12:18:48,946 - Log file created at: ./logs/qwen3_2_123/training_20251017_121848.log
2025-10-17 12:18:50,540 - Starting fresh training...
2025-10-17 12:18:54,552 - Fresh LoRA model created - base model frozen, adapters trainable
2025-10-17 12:18:55,613 - Model parameter status:
2025-10-17 12:18:55,616 - Trainable params: 33,030,144 || All params: 4,055,498,240 || Trainable %: 0.8145
2025-10-17 12:18:55,619 - Starting training for 10000 iterations...
2025-10-17 12:18:55,619 - Base LR: 4e-05, Warmup: 300.0, LR Floor: 4.000000000000001e-06
2025-10-17 12:19:14,476 - Step: 0/10000 (0.0%), Loss: 4.412789, LR: 0.00e+00
2025-10-17 12:19:50,958 - Step: 1/10000 (0.0%), Loss: 4.646653, LR: 0.00e+00
2025-10-17 12:20:36,424 - Step: 2/10000 (0.0%), Loss: 4.151676, LR: 0.00e+00
2025-10-17 12:26:15,285 - Step: 3/10000 (0.0%), Loss: 5.118364, LR: 0.00e+00
2025-10-17 12:32:02,147 - Step: 4/10000 (0.0%), Loss: 5.833313, LR: 0.00e+00
2025-10-17 12:37:28,357 - Step: 5/10000 (0.1%), Loss: 4.453722, LR: 0.00e+00
2025-10-17 12:50:03,994 - Step: 6/10000 (0.1%), Loss: 3.914737, LR: 0.00e+00
2025-10-17 12:55:54,545 - Step: 7/10000 (0.1%), Loss: 5.402510, LR: 1.33e-07
2025-10-17 13:07:20,288 - Step: 8/10000 (0.1%), Loss: 6.183670, LR: 1.33e-07
2025-10-17 13:13:55,908 - Step: 9/10000 (0.1%), Loss: 5.671367, LR: 1.33e-07
2025-10-17 13:19:59,129 - Step: 10/10000 (0.1%), Loss: 6.648856, LR: 1.33e-07
2025-10-17 13:27:29,782 - Step: 11/10000 (0.1%), Loss: 5.719956, LR: 1.33e-07
2025-10-17 13:33:54,044 - Step: 12/10000 (0.1%), Loss: 4.655710, LR: 1.33e-07
2025-10-17 13:38:58,100 - Step: 13/10000 (0.1%), Loss: 5.615170, LR: 1.33e-07
2025-10-17 13:44:58,241 - Step: 14/10000 (0.1%), Loss: 5.533899, LR: 1.33e-07
2025-10-17 13:54:16,704 - Step: 15/10000 (0.1%), Loss: 5.081551, LR: 2.67e-07
2025-10-17 14:00:16,792 - Step: 16/10000 (0.2%), Loss: 4.978012, LR: 2.67e-07
2025-10-17 14:06:23,760 - Step: 17/10000 (0.2%), Loss: 5.086380, LR: 2.67e-07
2025-10-17 14:12:51,494 - Step: 18/10000 (0.2%), Loss: 4.718678, LR: 2.67e-07
2025-10-17 14:20:10,724 - Step: 19/10000 (0.2%), Loss: 3.817665, LR: 2.67e-07
2025-10-17 14:27:08,615 - Step: 20/10000 (0.2%), Loss: 5.378953, LR: 2.67e-07
2025-10-17 14:43:09,777 - Step: 21/10000 (0.2%), Loss: 5.919633, LR: 2.67e-07
2025-10-17 14:55:37,997 - Step: 22/10000 (0.2%), Loss: 5.328496, LR: 2.67e-07
2025-10-17 15:04:31,618 - Step: 23/10000 (0.2%), Loss: 4.271023, LR: 4.00e-07
2025-10-17 15:14:31,895 - Step: 24/10000 (0.2%), Loss: 6.250396, LR: 4.00e-07
2025-10-17 15:36:31,147 - Step: 25/10000 (0.2%), Loss: 6.132215, LR: 4.00e-07
2025-10-17 15:47:31,433 - Step: 26/10000 (0.3%), Loss: 5.230726, LR: 4.00e-07
2025-10-17 15:56:43,473 - Step: 27/10000 (0.3%), Loss: 5.802630, LR: 4.00e-07
2025-10-17 16:06:09,601 - Step: 28/10000 (0.3%), Loss: 4.974981, LR: 4.00e-07
2025-10-17 16:26:44,738 - Step: 29/10000 (0.3%), Loss: 4.431628, LR: 4.00e-07
2025-10-17 16:35:22,534 - Step: 30/10000 (0.3%), Loss: 5.236694, LR: 4.00e-07
2025-10-17 16:44:34,117 - Step: 31/10000 (0.3%), Loss: 4.928858, LR: 5.33e-07
2025-10-17 17:03:51,309 - Step: 32/10000 (0.3%), Loss: 5.024723, LR: 5.33e-07
2025-10-17 17:15:04,191 - Step: 33/10000 (0.3%), Loss: 5.632032, LR: 5.33e-07
2025-10-17 17:24:29,075 - Step: 34/10000 (0.3%), Loss: 4.265286, LR: 5.33e-07
2025-10-17 17:35:34,205 - Step: 35/10000 (0.4%), Loss: 5.593784, LR: 5.33e-07
2025-10-17 17:44:42,836 - Step: 36/10000 (0.4%), Loss: 4.580575, LR: 5.33e-07
2025-10-17 17:55:06,684 - Step: 37/10000 (0.4%), Loss: 4.672990, LR: 5.33e-07
2025-10-17 18:04:47,671 - Step: 38/10000 (0.4%), Loss: 3.781239, LR: 5.33e-07
2025-10-17 18:14:17,172 - Step: 39/10000 (0.4%), Loss: 6.852608, LR: 6.67e-07
2025-10-17 18:24:01,539 - Step: 40/10000 (0.4%), Loss: 5.354223, LR: 6.67e-07
2025-10-17 18:34:52,263 - Step: 41/10000 (0.4%), Loss: 4.193810, LR: 6.67e-07
2025-10-17 18:46:20,776 - Step: 42/10000 (0.4%), Loss: 4.574670, LR: 6.67e-07
2025-10-17 18:57:52,137 - Step: 43/10000 (0.4%), Loss: 5.919736, LR: 6.67e-07
2025-10-17 19:20:21,091 - Step: 44/10000 (0.4%), Loss: 5.498424, LR: 6.67e-07
2025-10-17 19:40:35,629 - Step: 45/10000 (0.4%), Loss: 6.395294, LR: 6.67e-07
2025-10-17 20:02:30,655 - Step: 46/10000 (0.5%), Loss: 5.090065, LR: 6.67e-07
2025-10-17 20:22:36,654 - Step: 47/10000 (0.5%), Loss: 6.828006, LR: 8.00e-07
2025-10-17 20:36:50,601 - Step: 48/10000 (0.5%), Loss: 4.000305, LR: 8.00e-07
2025-10-17 20:51:18,424 - Step: 49/10000 (0.5%), Loss: 4.725703, LR: 8.00e-07
2025-10-17 21:04:02,431 - Step: 50/10000 (0.5%), Loss: 5.807292, LR: 8.00e-07
